
> frontend@0.0.0 dev
> vite --port 5173


  VITE v8.0.5  ready in 473 ms

  ➜  Local:   http://localhost:5173/
  ➜  Network: use --host to expose
7:57:34 PM [vite] (client) [Unhandled error] TypeError: Cannot read properties of undefined (reading 'map')
 > Dashboard src/components/Dashboard.tsx:87:38
    85 |  
    86 |    // Prepare Radar Data
    87 |    const radarData = report?.decisions.map(d => ({
       |                                        ^
    88 |      subject: d.category,
    89 |      A: Math.round(d.score * 100),
 > Object.react_stack_bottom_frame node_modules/react-dom/cjs/react-dom-client.development.js:25904:19
 > renderWithHooks node_modules/react-dom/cjs/react-dom-client.development.js:7662:21
 > updateFunctionComponent node_modules/react-dom/cjs/react-dom-client.development.js:10166:18
 > beginWork node_modules/react-dom/cjs/react-dom-client.development.js:11778:17
 > runWithFiberInDEV node_modules/react-dom/cjs/react-dom-client.development.js:871:29
 > performUnitOfWork node_modules/react-dom/cjs/react-dom-client.development.js:17641:21
 > workLoopSync node_modules/react-dom/cjs/react-dom-client.development.js:17469:40
 > renderRootSync node_modules/react-dom/cjs/react-dom-client.development.js:17450:10
 > performWorkOnRoot node_modules/react-dom/cjs/react-dom-client.development.js:16583:34

7:57:34 PM [vite] (client) [console.warn] An error occurred in the <Dashboard> component.

Consider adding an error boundary to your tree to customize error handling behavior.
Visit https://react.dev/link/error-boundaries to learn more about error boundaries.

7:59:43 PM [vite] (client) hmr update /src/index.css, /src/components/Dashboard.tsx
8:00:58 PM [vite] (client) hmr update /src/index.css, /src/components/Dashboard.tsx
8:01:38 PM [vite] (client) [Unhandled error] TypeError: Cannot read properties of undefined (reading 'type')
 > handleFileSelection src/components/Dashboard.tsx:37:13
    35 |  
    36 |    const handleFileSelection = (file: File) => {
    37 |      if (file.type.startsWith('image/')) {
       |               ^
    38 |        setSelectedImage(file);
    39 |        setPreviewUrl(URL.createObjectURL(file));
 > onChange src/components/Dashboard.tsx:118:49
 > executeDispatch node_modules/react-dom/cjs/react-dom-client.development.js:19116:8
 > runWithFiberInDEV node_modules/react-dom/cjs/react-dom-client.development.js:871:29
 > processDispatchQueue node_modules/react-dom/cjs/react-dom-client.development.js:19166:18
 > node_modules/react-dom/cjs/react-dom-client.development.js:19767:8
 > batchedUpdates$1 node_modules/react-dom/cjs/react-dom-client.development.js:3255:39
 > dispatchEventForPluginEventSystem node_modules/react-dom/cjs/react-dom-client.development.js:19320:6
 > dispatchEvent node_modules/react-dom/cjs/react-dom-client.development.js:23585:10
 > dispatchDiscreteEvent node_modules/react-dom/cjs/react-dom-client.development.js:23553:10

8:01:49 PM [vite] (client) [console.warn] The width(-1) and height(-1) of chart should be greater than 0,
       please check the style of container, or the props width(100%) and height(100%),
       or add a minWidth(0) or minHeight(undefined) or use aspect(undefined) to control the
       height and width.
8:01:49 PM [vite] (client) [console.warn] The width(-1) and height(-1) of chart should be greater than 0,
       please check the style of container, or the props width(100%) and height(100%),
       or add a minWidth(0) or minHeight(undefined) or use aspect(undefined) to control the
       height and width.
8:05:51 PM [vite] (client) hmr update /src/index.css, /src/components/Dashboard.tsx
8:07:17 PM [vite] (client) [Unhandled error] Error: Objects are not valid as a React child (found: object with keys {relation, targets, type}). If you meant to render a collection of children, use an array instead.
 > throwOnInvalidObjectTypeImpl node_modules/react-dom/cjs/react-dom-client.development.js:6099:12
 > throwOnInvalidObjectType node_modules/react-dom/cjs/react-dom-client.development.js:6113:10
 > createChild node_modules/react-dom/cjs/react-dom-client.development.js:6401:10
 > reconcileChildrenArray node_modules/react-dom/cjs/react-dom-client.development.js:6670:24
 > reconcileChildFibersImpl node_modules/react-dom/cjs/react-dom-client.development.js:6993:29
 > node_modules/react-dom/cjs/react-dom-client.development.js:7098:32
 > reconcileChildren node_modules/react-dom/cjs/react-dom-client.development.js:9701:12
 > beginWork node_modules/react-dom/cjs/react-dom-client.development.js:12049:12
 > runWithFiberInDEV node_modules/react-dom/cjs/react-dom-client.development.js:871:29
 > performUnitOfWork node_modules/react-dom/cjs/react-dom-client.development.js:17641:21

8:07:17 PM [vite] (client) [console.warn] An error occurred in the <span> component.

Consider adding an error boundary to your tree to customize error handling behavior.
Visit https://react.dev/link/error-boundaries to learn more about error boundaries.

8:08:34 PM [vite] (client) hmr update /src/index.css, /src/components/VQA.tsx
8:13:25 PM [vite] (client) [console.warn] The width(-1) and height(-1) of chart should be greater than 0,
       please check the style of container, or the props width(100%) and height(100%),
       or add a minWidth(0) or minHeight(undefined) or use aspect(undefined) to control the
       height and width.
8:13:25 PM [vite] (client) [console.warn] The width(-1) and height(-1) of chart should be greater than 0,
       please check the style of container, or the props width(100%) and height(100%),
       or add a minWidth(0) or minHeight(undefined) or use aspect(undefined) to control the
       height and width.
8:13:54 PM [vite] (client) [console.warn] The width(-1) and height(-1) of chart should be greater than 0,
       please check the style of container, or the props width(100%) and height(100%),
       or add a minWidth(0) or minHeight(undefined) or use aspect(undefined) to control the
       height and width.
8:13:54 PM [vite] (client) [console.warn] The width(-1) and height(-1) of chart should be greater than 0,
       please check the style of container, or the props width(100%) and height(100%),
       or add a minWidth(0) or minHeight(undefined) or use aspect(undefined) to control the
       height and width.
8:14:02 PM [vite] (client) [console.warn] The width(-1) and height(-1) of chart should be greater than 0,
       please check the style of container, or the props width(100%) and height(100%),
       or add a minWidth(0) or minHeight(undefined) or use aspect(undefined) to control the
       height and width.
8:14:02 PM [vite] (client) [console.warn] The width(-1) and height(-1) of chart should be greater than 0,
       please check the style of container, or the props width(100%) and height(100%),
       or add a minWidth(0) or minHeight(undefined) or use aspect(undefined) to control the
       height and width.
8:35:50 PM [vite] (client) [console.warn] The width(-1) and height(-1) of chart should be greater than 0,
       please check the style of container, or the props width(100%) and height(100%),
       or add a minWidth(0) or minHeight(undefined) or use aspect(undefined) to control the
       height and width.
8:35:50 PM [vite] (client) [console.warn] The width(-1) and height(-1) of chart should be greater than 0,
       please check the style of container, or the props width(100%) and height(100%),
       or add a minWidth(0) or minHeight(undefined) or use aspect(undefined) to control the
       height and width.
8:38:34 PM [vite] (client) [console.warn] The width(-1) and height(-1) of chart should be greater than 0,
       please check the style of container, or the props width(100%) and height(100%),
       or add a minWidth(0) or minHeight(undefined) or use aspect(undefined) to control the
       height and width.
8:38:34 PM [vite] (client) [console.warn] The width(-1) and height(-1) of chart should be greater than 0,
       please check the style of container, or the props width(100%) and height(100%),
       or add a minWidth(0) or minHeight(undefined) or use aspect(undefined) to control the
       height and width.
8:44:16 PM [vite] (client) [console.warn] The width(-1) and height(-1) of chart should be greater than 0,
       please check the style of container, or the props width(100%) and height(100%),
       or add a minWidth(0) or minHeight(undefined) or use aspect(undefined) to control the
       height and width.
8:44:16 PM [vite] (client) [console.warn] The width(-1) and height(-1) of chart should be greater than 0,
       please check the style of container, or the props width(100%) and height(100%),
       or add a minWidth(0) or minHeight(undefined) or use aspect(undefined) to control the
       height and width.
8:46:08 PM [vite] (client) [console.warn] The width(-1) and height(-1) of chart should be greater than 0,
       please check the style of container, or the props width(100%) and height(100%),
       or add a minWidth(0) or minHeight(undefined) or use aspect(undefined) to control the
       height and width.
8:46:08 PM [vite] (client) [console.warn] The width(-1) and height(-1) of chart should be greater than 0,
       please check the style of container, or the props width(100%) and height(100%),
       or add a minWidth(0) or minHeight(undefined) or use aspect(undefined) to control the
       height and width.
8:48:26 PM [vite] (client) [console.warn] The width(-1) and height(-1) of chart should be greater than 0,
       please check the style of container, or the props width(100%) and height(100%),
       or add a minWidth(0) or minHeight(undefined) or use aspect(undefined) to control the
       height and width.
8:48:26 PM [vite] (client) [console.warn] The width(-1) and height(-1) of chart should be greater than 0,
       please check the style of container, or the props width(100%) and height(100%),
       or add a minWidth(0) or minHeight(undefined) or use aspect(undefined) to control the
       height and width.
8:50:29 PM [vite] (client) hmr update /src/index.css, /src/components/Dashboard.tsx
